0000                          .ORG   0000h   
0000   31 00 F0               LD   SP,0xF000   
0003   CD 10 00               CALL   TEST_INCS   
0006   CD 2C 00               CALL   TEST_DECS   
0009   76                     HALT   
000A   00 00        TEMP_SP_SAVE:   DW   0x0000   
000C                TEST_RAM:   EQU   0xFF00   
000C                IX_ABS_ADDR:   EQU   0xFF05   
000C                IY_ABS_ADDR:   EQU   0xFEFB   
000C                ERROR:    
000C   F3                     DI   
000D   76                     HALT   
000E   18 FC                  JR   ERROR   
0010                TEST_INCS:   
0010   CD 4E 00               CALL   TEST_INC_A   
0013   CD D3 00               CALL   TEST_INC_B   
0016   CD 58 01               CALL   TEST_INC_C   
0019   CD DD 01               CALL   TEST_INC_D   
001C   CD 62 02               CALL   TEST_INC_E   
001F   CD E7 02               CALL   TEST_INC_H   
0022   CD 6C 03               CALL   TEST_INC_L   
0025   CD F1 03               CALL   TEST_INC_MEM_HL   
0028   CD 5E 04               CALL   TEST_INC_BC   
002B   C9                     RET   
002C                TEST_DECS:   
002C   CD 68 05               CALL   TEST_DEC_A   
002F   CD EA 05               CALL   TEST_DEC_B   
0032   CD 75 06               CALL   TEST_DEC_C   
0035   CD 00 07               CALL   TEST_DEC_D   
0038   CD 8B 07               CALL   TEST_DEC_E   
003B   CD 16 08               CALL   TEST_DEC_H   
003E   CD A1 08               CALL   TEST_DEC_L   
0041   CD 2C 09               CALL   TEST_DEC_MEM_HL   
0044   CD BA 09               CALL   TEST_DEC_IX_D   
0047   CD 5E 0A               CALL   TEST_DEC_IY_D   
004A   CD 02 0B               CALL   TEST_DEC_SP   
004D   C9                     RET   
004E                TEST_INC_A:   
004E   21 00 01               LD   HL,0x0100   ; Clear all flags and load 1 into A
0051   E5                     PUSH   HL   
0052   F1                     POP   AF   
0053                          ; --- Case 1: Standard Increment (0x01 -> 0x02) ---
0053   3C                     INC   A   
0054                          ; Move flags to L
0054   F5                     PUSH   AF   
0055   E1                     POP   HL   
0056                          ; Verify result
0056   06 02                  LD   B,0x02   
0058   A8                     XOR   B   
0059   C2 0C 00               JP   NZ,ERROR   
005C                          ; Verify Flags: Z=0, S=0, H=0, V=0, N=0, C stays 0
005C   CB 75                  BIT   6,L   ; Z flag
005E   C2 0C 00               JP   NZ,ERROR   
0061   CB 7D                  BIT   7,L   ; S flag
0063   C2 0C 00               JP   NZ,ERROR   
0066   CB 65                  BIT   4,L   ; H flag
0068   C2 0C 00               JP   NZ,ERROR   
006B   CB 55                  BIT   2,L   ; V/P flag
006D   C2 0C 00               JP   NZ,ERROR   
0070   CB 4D                  BIT   1,L   ; N flag
0072   C2 0C 00               JP   NZ,ERROR   
0075   CB 45                  BIT   0,L   ; C flag
0077   C2 0C 00               JP   NZ,ERROR   
007A   21 FF FF               LD   HL,0xFFFF   ; Set all flags and load 0xFF into A
007D   E5                     PUSH   HL   
007E   F1                     POP   AF   
007F                          ; --- Case 2: Half-Carry and Zero (0xFF -> 0x00) ---
007F   3C                     INC   A   ; Should wrap to 0, set Z and H
0080                          ; Move flags to L
0080   F5                     PUSH   AF   
0081   E1                     POP   HL   
0082                          ; Verify result
0082   06 00                  LD   B,0x00   
0084   A8                     XOR   B   
0085   C2 0C 00               JP   NZ,ERROR   
0088                          ; Verify Flags: Z=1, S=0, H=1, V=0, N=0, C stays 1
0088   CB 75                  BIT   6,L   ; Z flag
008A   CA 0C 00               JP   Z,ERROR   
008D   CB 7D                  BIT   7,L   ; S flag
008F   C2 0C 00               JP   NZ,ERROR   
0092   CB 65                  BIT   4,L   ; H flag
0094   CA 0C 00               JP   Z,ERROR   
0097   CB 55                  BIT   2,L   ; V/P flag
0099   C2 0C 00               JP   NZ,ERROR   
009C   CB 4D                  BIT   1,L   ; N flag
009E   C2 0C 00               JP   NZ,ERROR   
00A1   CB 45                  BIT   0,L   ; C flag
00A3   CA 0C 00               JP   Z,ERROR   
00A6                          ; --- Case 3: Overflow (0x7F -> 0x80) ---
00A6   21 00 7F               LD   HL,0x7F00   ; Clear all flags and load 0x7F into A
00A9   E5                     PUSH   HL   
00AA   F1                     POP   AF   
00AB   3C                     INC   A   ; Becomes 0x80 (-128), should set V, H and S
00AC                          ; Move flags to L
00AC   F5                     PUSH   AF   
00AD   E1                     POP   HL   
00AE                          ; Verify result
00AE   06 80                  LD   B,0x80   
00B0   A8                     XOR   B   
00B1   C2 0C 00               JP   NZ,ERROR   
00B4                          ; Verify Flags: Z=0, S=1, H=1, V=1, N=0, C stays 0
00B4   CB 75                  BIT   6,L   ; Z flag
00B6   C2 0C 00               JP   NZ,ERROR   
00B9   CB 7D                  BIT   7,L   ; S flag
00BB   CA 0C 00               JP   Z,ERROR   
00BE   CB 65                  BIT   4,L   ; H flag
00C0   CA 0C 00               JP   Z,ERROR   
00C3   CB 55                  BIT   2,L   ; V/P flag
00C5   CA 0C 00               JP   Z,ERROR   
00C8   CB 4D                  BIT   1,L   ; N flag
00CA   C2 0C 00               JP   NZ,ERROR   
00CD   CB 45                  BIT   0,L   ; C flag
00CF   C2 0C 00               JP   NZ,ERROR   
00D2   C9                     RET   
00D3                TEST_INC_B:   
00D3   21 00 02               LD   HL,0x0200   ; Clear all flags and load the expected result into A
00D6   06 01                  LD   B,0x01   
00D8   E5                     PUSH   HL   
00D9   F1                     POP   AF   
00DA                          ; --- Case 1: Standard Increment (0x01 -> 0x02) ---
00DA   04                     INC   B   
00DB                          ; Move flags to L
00DB   F5                     PUSH   AF   
00DC   E1                     POP   HL   
00DD                          ; Verify result
00DD   A8                     XOR   B   
00DE   C2 0C 00               JP   NZ,ERROR   
00E1                          ; Verify Flags: Z=0, S=0, H=0, V=0, N=0, C stays 0
00E1   CB 75                  BIT   6,L   ; Z flag
00E3   C2 0C 00               JP   NZ,ERROR   
00E6   CB 7D                  BIT   7,L   ; S flag
00E8   C2 0C 00               JP   NZ,ERROR   
00EB   CB 65                  BIT   4,L   ; H flag
00ED   C2 0C 00               JP   NZ,ERROR   
00F0   CB 55                  BIT   2,L   ; V/P flag
00F2   C2 0C 00               JP   NZ,ERROR   
00F5   CB 4D                  BIT   1,L   ; N flag
00F7   C2 0C 00               JP   NZ,ERROR   
00FA   CB 45                  BIT   0,L   ; C flag
00FC   C2 0C 00               JP   NZ,ERROR   
00FF   21 FF 00               LD   HL,0x00FF   ; Set all flags and load the expected result into A
0102   06 FF                  LD   B,0xFF   
0104   E5                     PUSH   HL   
0105   F1                     POP   AF   
0106                          ; --- Case 2: Half-Carry and Zero (0xFF -> 0x00) ---
0106   04                     INC   B   ; Should wrap to 0, set Z and H
0107                          ; Move flags to L
0107   F5                     PUSH   AF   
0108   E1                     POP   HL   
0109                          ; Verify result
0109   A8                     XOR   B   
010A   C2 0C 00               JP   NZ,ERROR   
010D                          ; Verify Flags: Z=1, S=0, H=1, V=0, N=0, C stays 1
010D   CB 75                  BIT   6,L   ; Z flag
010F   CA 0C 00               JP   Z,ERROR   
0112   CB 7D                  BIT   7,L   ; S flag
0114   C2 0C 00               JP   NZ,ERROR   
0117   CB 65                  BIT   4,L   ; H flag
0119   CA 0C 00               JP   Z,ERROR   
011C   CB 55                  BIT   2,L   ; V/P flag
011E   C2 0C 00               JP   NZ,ERROR   
0121   CB 4D                  BIT   1,L   ; N flag
0123   C2 0C 00               JP   NZ,ERROR   
0126   CB 45                  BIT   0,L   ; C flag
0128   CA 0C 00               JP   Z,ERROR   
012B                          ; --- Case 3: Overflow (0x7F -> 0x80) ---
012B   21 00 80               LD   HL,0x8000   ; Clear all flags and load the expected result into A
012E   06 7F                  LD   B,0x7F   
0130   E5                     PUSH   HL   
0131   F1                     POP   AF   
0132   04                     INC   B   ; Becomes 0x80 (-128), should set V, H and S
0133                          ; Move flags to L
0133   F5                     PUSH   AF   
0134   E1                     POP   HL   
0135                          ; Verify result
0135   A8                     XOR   B   
0136   C2 0C 00               JP   NZ,ERROR   
0139                          ; Verify Flags: Z=0, S=1, H=1, V=1, N=0, C stays 0
0139   CB 75                  BIT   6,L   ; Z flag
013B   C2 0C 00               JP   NZ,ERROR   
013E   CB 7D                  BIT   7,L   ; S flag
0140   CA 0C 00               JP   Z,ERROR   
0143   CB 65                  BIT   4,L   ; H flag
0145   CA 0C 00               JP   Z,ERROR   
0148   CB 55                  BIT   2,L   ; V/P flag
014A   CA 0C 00               JP   Z,ERROR   
014D   CB 4D                  BIT   1,L   ; N flag
014F   C2 0C 00               JP   NZ,ERROR   
0152   CB 45                  BIT   0,L   ; C flag
0154   C2 0C 00               JP   NZ,ERROR   
0157   C9                     RET   
0158                TEST_INC_C:   
0158   21 00 02               LD   HL,0x0200   ; Clear all flags and load the expected result into A
015B   0E 01                  LD   C,0x01   
015D   E5                     PUSH   HL   
015E   F1                     POP   AF   
015F                          ; --- Case 1: Standard Increment (0x01 -> 0x02) ---
015F   0C                     INC   C   
0160                          ; Move flags to L
0160   F5                     PUSH   AF   
0161   E1                     POP   HL   
0162                          ; Verify result
0162   A9                     XOR   C   
0163   C2 0C 00               JP   NZ,ERROR   
0166                          ; Verify Flags: Z=0, S=0, H=0, V=0, N=0, C stays 0
0166   CB 75                  BIT   6,L   ; Z flag
0168   C2 0C 00               JP   NZ,ERROR   
016B   CB 7D                  BIT   7,L   ; S flag
016D   C2 0C 00               JP   NZ,ERROR   
0170   CB 65                  BIT   4,L   ; H flag
0172   C2 0C 00               JP   NZ,ERROR   
0175   CB 55                  BIT   2,L   ; V/P flag
0177   C2 0C 00               JP   NZ,ERROR   
017A   CB 4D                  BIT   1,L   ; N flag
017C   C2 0C 00               JP   NZ,ERROR   
017F   CB 45                  BIT   0,L   ; C flag
0181   C2 0C 00               JP   NZ,ERROR   
0184   21 FF 00               LD   HL,0x00FF   ; Set all flags and load the expected result into A
0187   0E FF                  LD   C,0xFF   
0189   E5                     PUSH   HL   
018A   F1                     POP   AF   
018B                          ; --- Case 2: Half-Carry and Zero (0xFF -> 0x00) ---
018B   0C                     INC   C   ; Should wrap to 0, set Z and H
018C                          ; Move flags to L
018C   F5                     PUSH   AF   
018D   E1                     POP   HL   
018E                          ; Verify result
018E   A9                     XOR   C   
018F   C2 0C 00               JP   NZ,ERROR   
0192                          ; Verify Flags: Z=1, S=0, H=1, V=0, N=0, C stays 1
0192   CB 75                  BIT   6,L   ; Z flag
0194   CA 0C 00               JP   Z,ERROR   
0197   CB 7D                  BIT   7,L   ; S flag
0199   C2 0C 00               JP   NZ,ERROR   
019C   CB 65                  BIT   4,L   ; H flag
019E   CA 0C 00               JP   Z,ERROR   
01A1   CB 55                  BIT   2,L   ; V/P flag
01A3   C2 0C 00               JP   NZ,ERROR   
01A6   CB 4D                  BIT   1,L   ; N flag
01A8   C2 0C 00               JP   NZ,ERROR   
01AB   CB 45                  BIT   0,L   ; C flag
01AD   CA 0C 00               JP   Z,ERROR   
01B0                          ; --- Case 3: Overflow (0x7F -> 0x80) ---
01B0   21 00 80               LD   HL,0x8000   ; Clear all flags and load the expected result into A
01B3   0E 7F                  LD   C,0x7F   
01B5   E5                     PUSH   HL   
01B6   F1                     POP   AF   
01B7   0C                     INC   C   ; Becomes 0x80 (-128), should set V, H and S
01B8                          ; Move flags to L
01B8   F5                     PUSH   AF   
01B9   E1                     POP   HL   
01BA                          ; Verify result
01BA   A9                     XOR   C   
01BB   C2 0C 00               JP   NZ,ERROR   
01BE                          ; Verify Flags: Z=0, S=1, H=1, V=1, N=0, C stays 0
01BE   CB 75                  BIT   6,L   ; Z flag
01C0   C2 0C 00               JP   NZ,ERROR   
01C3   CB 7D                  BIT   7,L   ; S flag
01C5   CA 0C 00               JP   Z,ERROR   
01C8   CB 65                  BIT   4,L   ; H flag
01CA   CA 0C 00               JP   Z,ERROR   
01CD   CB 55                  BIT   2,L   ; V/P flag
01CF   CA 0C 00               JP   Z,ERROR   
01D2   CB 4D                  BIT   1,L   ; N flag
01D4   C2 0C 00               JP   NZ,ERROR   
01D7   CB 45                  BIT   0,L   ; C flag
01D9   C2 0C 00               JP   NZ,ERROR   
01DC   C9                     RET   
01DD                TEST_INC_D:   
01DD   21 00 02               LD   HL,0x0200   ; Clear all flags and load the expected result into A
01E0   16 01                  LD   D,0x01   
01E2   E5                     PUSH   HL   
01E3   F1                     POP   AF   
01E4                          ; --- Case 1: Standard Increment (0x01 -> 0x02) ---
01E4   14                     INC   D   
01E5                          ; Move flags to L
01E5   F5                     PUSH   AF   
01E6   E1                     POP   HL   
01E7                          ; Verify result
01E7   AA                     XOR   D   
01E8   C2 0C 00               JP   NZ,ERROR   
01EB                          ; Verify Flags: Z=0, S=0, H=0, V=0, N=0, C stays 0
01EB   CB 75                  BIT   6,L   ; Z flag
01ED   C2 0C 00               JP   NZ,ERROR   
01F0   CB 7D                  BIT   7,L   ; S flag
01F2   C2 0C 00               JP   NZ,ERROR   
01F5   CB 65                  BIT   4,L   ; H flag
01F7   C2 0C 00               JP   NZ,ERROR   
01FA   CB 55                  BIT   2,L   ; V/P flag
01FC   C2 0C 00               JP   NZ,ERROR   
01FF   CB 4D                  BIT   1,L   ; N flag
0201   C2 0C 00               JP   NZ,ERROR   
0204   CB 45                  BIT   0,L   ; C flag
0206   C2 0C 00               JP   NZ,ERROR   
0209   21 FF 00               LD   HL,0x00FF   ; Set all flags and load the expected result into A
020C   16 FF                  LD   D,0xFF   
020E   E5                     PUSH   HL   
020F   F1                     POP   AF   
0210                          ; --- Case 2: Half-Carry and Zero (0xFF -> 0x00) ---
0210   14                     INC   D   ; Should wrap to 0, set Z and H
0211                          ; Move flags to L
0211   F5                     PUSH   AF   
0212   E1                     POP   HL   
0213                          ; Verify result
0213   AA                     XOR   D   
0214   C2 0C 00               JP   NZ,ERROR   
0217                          ; Verify Flags: Z=1, S=0, H=1, V=0, N=0, C stays 1
0217   CB 75                  BIT   6,L   ; Z flag
0219   CA 0C 00               JP   Z,ERROR   
021C   CB 7D                  BIT   7,L   ; S flag
021E   C2 0C 00               JP   NZ,ERROR   
0221   CB 65                  BIT   4,L   ; H flag
0223   CA 0C 00               JP   Z,ERROR   
0226   CB 55                  BIT   2,L   ; V/P flag
0228   C2 0C 00               JP   NZ,ERROR   
022B   CB 4D                  BIT   1,L   ; N flag
022D   C2 0C 00               JP   NZ,ERROR   
0230   CB 45                  BIT   0,L   ; C flag
0232   CA 0C 00               JP   Z,ERROR   
0235                          ; --- Case 3: Overflow (0x7F -> 0x80) ---
0235   21 00 80               LD   HL,0x8000   ; Clear all flags and load the expected result into A
0238   16 7F                  LD   D,0x7F   
023A   E5                     PUSH   HL   
023B   F1                     POP   AF   
023C   14                     INC   D   ; Becomes 0x80 (-128), should set V, H and S
023D                          ; Move flags to L
023D   F5                     PUSH   AF   
023E   E1                     POP   HL   
023F                          ; Verify result
023F   AA                     XOR   D   
0240   C2 0C 00               JP   NZ,ERROR   
0243                          ; Verify Flags: Z=0, S=1, H=1, V=1, N=0, C stays 0
0243   CB 75                  BIT   6,L   ; Z flag
0245   C2 0C 00               JP   NZ,ERROR   
0248   CB 7D                  BIT   7,L   ; S flag
024A   CA 0C 00               JP   Z,ERROR   
024D   CB 65                  BIT   4,L   ; H flag
024F   CA 0C 00               JP   Z,ERROR   
0252   CB 55                  BIT   2,L   ; V/P flag
0254   CA 0C 00               JP   Z,ERROR   
0257   CB 4D                  BIT   1,L   ; N flag
0259   C2 0C 00               JP   NZ,ERROR   
025C   CB 45                  BIT   0,L   ; C flag
025E   C2 0C 00               JP   NZ,ERROR   
0261   C9                     RET   
0262                TEST_INC_E:   
0262   21 00 02               LD   HL,0x0200   ; Clear all flags and load the expected result into A
0265   1E 01                  LD   E,0x01   
0267   E5                     PUSH   HL   
0268   F1                     POP   AF   
0269                          ; --- Case 1: Standard Increment (0x01 -> 0x02) ---
0269   1C                     INC   E   
026A                          ; Move flags to L
026A   F5                     PUSH   AF   
026B   E1                     POP   HL   
026C                          ; Verify result
026C   AB                     XOR   E   
026D   C2 0C 00               JP   NZ,ERROR   
0270                          ; Verify Flags: Z=0, S=0, H=0, V=0, N=0, C stays 0
0270   CB 75                  BIT   6,L   ; Z flag
0272   C2 0C 00               JP   NZ,ERROR   
0275   CB 7D                  BIT   7,L   ; S flag
0277   C2 0C 00               JP   NZ,ERROR   
027A   CB 65                  BIT   4,L   ; H flag
027C   C2 0C 00               JP   NZ,ERROR   
027F   CB 55                  BIT   2,L   ; V/P flag
0281   C2 0C 00               JP   NZ,ERROR   
0284   CB 4D                  BIT   1,L   ; N flag
0286   C2 0C 00               JP   NZ,ERROR   
0289   CB 45                  BIT   0,L   ; C flag
028B   C2 0C 00               JP   NZ,ERROR   
028E   21 FF 00               LD   HL,0x00FF   ; Set all flags and load the expected result into A
0291   1E FF                  LD   E,0xFF   
0293   E5                     PUSH   HL   
0294   F1                     POP   AF   
0295                          ; --- Case 2: Half-Carry and Zero (0xFF -> 0x00) ---
0295   1C                     INC   E   ; Should wrap to 0, set Z and H
0296                          ; Move flags to L
0296   F5                     PUSH   AF   
0297   E1                     POP   HL   
0298                          ; Verify result
0298   AB                     XOR   E   
0299   C2 0C 00               JP   NZ,ERROR   
029C                          ; Verify Flags: Z=1, S=0, H=1, V=0, N=0, C stays 1
029C   CB 75                  BIT   6,L   ; Z flag
029E   CA 0C 00               JP   Z,ERROR   
02A1   CB 7D                  BIT   7,L   ; S flag
02A3   C2 0C 00               JP   NZ,ERROR   
02A6   CB 65                  BIT   4,L   ; H flag
02A8   CA 0C 00               JP   Z,ERROR   
02AB   CB 55                  BIT   2,L   ; V/P flag
02AD   C2 0C 00               JP   NZ,ERROR   
02B0   CB 4D                  BIT   1,L   ; N flag
02B2   C2 0C 00               JP   NZ,ERROR   
02B5   CB 45                  BIT   0,L   ; C flag
02B7   CA 0C 00               JP   Z,ERROR   
02BA                          ; --- Case 3: Overflow (0x7F -> 0x80) ---
02BA   21 00 80               LD   HL,0x8000   ; Clear all flags and load the expected result into A
02BD   1E 7F                  LD   E,0x7F   
02BF   E5                     PUSH   HL   
02C0   F1                     POP   AF   
02C1   1C                     INC   E   ; Becomes 0x80 (-128), should set V, H and S
02C2                          ; Move flags to L
02C2   F5                     PUSH   AF   
02C3   E1                     POP   HL   
02C4                          ; Verify result
02C4   AB                     XOR   E   
02C5   C2 0C 00               JP   NZ,ERROR   
02C8                          ; Verify Flags: Z=0, S=1, H=1, V=1, N=0, C stays 0
02C8   CB 75                  BIT   6,L   ; Z flag
02CA   C2 0C 00               JP   NZ,ERROR   
02CD   CB 7D                  BIT   7,L   ; S flag
02CF   CA 0C 00               JP   Z,ERROR   
02D2   CB 65                  BIT   4,L   ; H flag
02D4   CA 0C 00               JP   Z,ERROR   
02D7   CB 55                  BIT   2,L   ; V/P flag
02D9   CA 0C 00               JP   Z,ERROR   
02DC   CB 4D                  BIT   1,L   ; N flag
02DE   C2 0C 00               JP   NZ,ERROR   
02E1   CB 45                  BIT   0,L   ; C flag
02E3   C2 0C 00               JP   NZ,ERROR   
02E6   C9                     RET   
02E7                TEST_INC_H:   
02E7                          ; --- Case 1: Standard Increment (0x01 -> 0x02) ---
02E7   01 00 02               LD   BC,0x0200   ; B = expected result (02), C = flags to load (00)
02EA   26 01                  LD   H,0x01   
02EC   C5                     PUSH   BC   
02ED   F1                     POP   AF   ; A = 02, Flags = 00
02EE   24                     INC   H   
02EF   F5                     PUSH   AF   
02F0   C1                     POP   BC   ; C now contains Flags
02F1                          ; Verify result (A XOR H)
02F1   AC                     XOR   H   
02F2   C2 0C 00               JP   NZ,ERROR   
02F5                          ; Verify Flags: Z=0, S=0, H=0, V=0, N=0, C=0
02F5   CB 71                  BIT   6,C   ; Z flag
02F7   C2 0C 00               JP   NZ,ERROR   
02FA   CB 79                  BIT   7,C   ; S flag
02FC   C2 0C 00               JP   NZ,ERROR   
02FF   CB 61                  BIT   4,C   ; H flag
0301   C2 0C 00               JP   NZ,ERROR   
0304   CB 51                  BIT   2,C   ; V/P flag
0306   C2 0C 00               JP   NZ,ERROR   
0309   CB 49                  BIT   1,C   ; N flag
030B   C2 0C 00               JP   NZ,ERROR   
030E   CB 41                  BIT   0,C   ; C flag
0310   C2 0C 00               JP   NZ,ERROR   
0313                          ; --- Case 2: Half-Carry and Zero (0xFF -> 0x00) ---
0313   01 FF 00               LD   BC,0x00FF   ; B = expected result (00), C = flags to load (FF)
0316   26 FF                  LD   H,0xFF   
0318   C5                     PUSH   BC   
0319   F1                     POP   AF   
031A   24                     INC   H   
031B   F5                     PUSH   AF   
031C   C1                     POP   BC   ; C contains Flags
031D   AC                     XOR   H   
031E   C2 0C 00               JP   NZ,ERROR   
0321                          ; Verify Flags: Z=1, S=0, H=1, V=0, N=0, C stays 1
0321   CB 71                  BIT   6,C   ; Z flag
0323   CA 0C 00               JP   Z,ERROR   
0326   CB 79                  BIT   7,C   ; S flag
0328   C2 0C 00               JP   NZ,ERROR   
032B   CB 61                  BIT   4,C   ; H flag
032D   CA 0C 00               JP   Z,ERROR   
0330   CB 51                  BIT   2,C   ; V/P flag
0332   C2 0C 00               JP   NZ,ERROR   
0335   CB 49                  BIT   1,C   ; N flag
0337   C2 0C 00               JP   NZ,ERROR   
033A   CB 41                  BIT   0,C   ; C flag
033C   CA 0C 00               JP   Z,ERROR   
033F                          ; --- Case 3: Overflow (0x7F -> 0x80) ---
033F   01 00 80               LD   BC,0x8000   ; B = expected result (80), C = flags to load (00)
0342   26 7F                  LD   H,0x7F   
0344   C5                     PUSH   BC   
0345   F1                     POP   AF   
0346   24                     INC   H   
0347   F5                     PUSH   AF   
0348   C1                     POP   BC   ; C contains Flags
0349   AC                     XOR   H   
034A   C2 0C 00               JP   NZ,ERROR   
034D                          ; Verify Flags: Z=0, S=1, H=1, V=1, N=0, C stays 0
034D   CB 71                  BIT   6,C   ; Z flag
034F   C2 0C 00               JP   NZ,ERROR   
0352   CB 79                  BIT   7,C   ; S flag
0354   CA 0C 00               JP   Z,ERROR   
0357   CB 61                  BIT   4,C   ; H flag
0359   CA 0C 00               JP   Z,ERROR   
035C   CB 51                  BIT   2,C   ; V/P flag
035E   CA 0C 00               JP   Z,ERROR   
0361   CB 49                  BIT   1,C   ; N flag
0363   C2 0C 00               JP   NZ,ERROR   
0366   CB 41                  BIT   0,C   ; C flag
0368   C2 0C 00               JP   NZ,ERROR   
036B   C9                     RET   
036C                TEST_INC_L:   
036C                          ; --- Case 1: Standard Increment (0x01 -> 0x02) ---
036C   01 00 02               LD   BC,0x0200   ; B = expected result (02), C = flags to load (00)
036F   2E 01                  LD   L,0x01   
0371   C5                     PUSH   BC   
0372   F1                     POP   AF   ; A = 02, Flags = 00
0373   2C                     INC   L   
0374   F5                     PUSH   AF   
0375   C1                     POP   BC   ; C now contains Flags
0376                          ; Verify result (A XOR H)
0376   AD                     XOR   L   
0377   C2 0C 00               JP   NZ,ERROR   
037A                          ; Verify Flags: Z=0, S=0, H=0, V=0, N=0, C=0
037A   CB 71                  BIT   6,C   ; Z flag
037C   C2 0C 00               JP   NZ,ERROR   
037F   CB 79                  BIT   7,C   ; S flag
0381   C2 0C 00               JP   NZ,ERROR   
0384   CB 61                  BIT   4,C   ; H flag
0386   C2 0C 00               JP   NZ,ERROR   
0389   CB 51                  BIT   2,C   ; V/P flag
038B   C2 0C 00               JP   NZ,ERROR   
038E   CB 49                  BIT   1,C   ; N flag
0390   C2 0C 00               JP   NZ,ERROR   
0393   CB 41                  BIT   0,C   ; C flag
0395   C2 0C 00               JP   NZ,ERROR   
0398                          ; --- Case 2: Half-Carry and Zero (0xFF -> 0x00) ---
0398   01 FF 00               LD   BC,0x00FF   ; B = expected result (00), C = flags to load (FF)
039B   2E FF                  LD   L,0xFF   
039D   C5                     PUSH   BC   
039E   F1                     POP   AF   
039F   2C                     INC   L   
03A0   F5                     PUSH   AF   
03A1   C1                     POP   BC   ; C contains Flags
03A2   AD                     XOR   L   
03A3   C2 0C 00               JP   NZ,ERROR   
03A6                          ; Verify Flags: Z=1, S=0, H=1, V=0, N=0, C stays 1
03A6   CB 71                  BIT   6,C   ; Z flag
03A8   CA 0C 00               JP   Z,ERROR   
03AB   CB 79                  BIT   7,C   ; S flag
03AD   C2 0C 00               JP   NZ,ERROR   
03B0   CB 61                  BIT   4,C   ; H flag
03B2   CA 0C 00               JP   Z,ERROR   
03B5   CB 51                  BIT   2,C   ; V/P flag
03B7   C2 0C 00               JP   NZ,ERROR   
03BA   CB 49                  BIT   1,C   ; N flag
03BC   C2 0C 00               JP   NZ,ERROR   
03BF   CB 41                  BIT   0,C   ; C flag
03C1   CA 0C 00               JP   Z,ERROR   
03C4                          ; --- Case 3: Overflow (0x7F -> 0x80) ---
03C4   01 00 80               LD   BC,0x8000   ; B = expected result (80), C = flags to load (00)
03C7   2E 7F                  LD   L,0x7F   
03C9   C5                     PUSH   BC   
03CA   F1                     POP   AF   
03CB   2C                     INC   L   
03CC   F5                     PUSH   AF   
03CD   C1                     POP   BC   ; C contains Flags
03CE   AD                     XOR   L   
03CF   C2 0C 00               JP   NZ,ERROR   
03D2                          ; Verify Flags: Z=0, S=1, H=1, V=1, N=0, C stays 0
03D2   CB 71                  BIT   6,C   ; Z flag
03D4   C2 0C 00               JP   NZ,ERROR   
03D7   CB 79                  BIT   7,C   ; S flag
03D9   CA 0C 00               JP   Z,ERROR   
03DC   CB 61                  BIT   4,C   ; H flag
03DE   CA 0C 00               JP   Z,ERROR   
03E1   CB 51                  BIT   2,C   ; V/P flag
03E3   CA 0C 00               JP   Z,ERROR   
03E6   CB 49                  BIT   1,C   ; N flag
03E8   C2 0C 00               JP   NZ,ERROR   
03EB   CB 41                  BIT   0,C   ; C flag
03ED   C2 0C 00               JP   NZ,ERROR   
03F0   C9                     RET   
03F1                TEST_INC_MEM_HL:   
03F1                          ; Setup: Point HL to a safe scratchpad RAM location
03F1                          ; For this example, let's assume 0xC000 is safe.
03F1   21 00 C0               LD   HL,0xC000   
03F4                          ; --- Case 1: Standard Increment (0x01 -> 0x02) ---
03F4   36 01                  LD   (HL),0x01   
03F6   01 00 02               LD   BC,0x0200   ; B = expected result (02), C = flags to load (00)
03F9   C5                     PUSH   BC   
03FA   F1                     POP   AF   ; Flags cleared
03FB   34                     INC   (HL)   
03FC   F5                     PUSH   AF   
03FD   D1                     POP   DE   ; E now contains Flags
03FE                          ; Verify memory result
03FE   7E                     LD   A,(HL)   
03FF   A8                     XOR   B   ; Compare (HL) with 0x02
0400   C2 0C 00               JP   NZ,ERROR   
0403                          ; Verify Flags: Z=0, S=0, H=0, V=0, N=0, C=0
0403   CB 73                  BIT   6,E   ; Z flag
0405   C2 0C 00               JP   NZ,ERROR   
0408   CB 63                  BIT   4,E   ; H flag
040A   C2 0C 00               JP   NZ,ERROR   
040D   CB 53                  BIT   2,E   ; V flag
040F   C2 0C 00               JP   NZ,ERROR   
0412   CB 4B                  BIT   1,E   ; N flag
0414   C2 0C 00               JP   NZ,ERROR   
0417                          ; --- Case 2: Half-Carry and Zero (0xFF -> 0x00) ---
0417   36 FF                  LD   (HL),0xFF   
0419   01 FF 00               LD   BC,0x00FF   ; B = expected result (00), C = flags to load (FF)
041C   C5                     PUSH   BC   
041D   F1                     POP   AF   
041E   34                     INC   (HL)   
041F   F5                     PUSH   AF   
0420   D1                     POP   DE   ; E contains Flags
0421                          ; Verify memory result
0421   7E                     LD   A,(HL)   
0422   A8                     XOR   B   
0423   C2 0C 00               JP   NZ,ERROR   
0426                          ; Verify Flags: Z=1, S=0, H=1, V=0, N=0, C stays 1
0426   CB 73                  BIT   6,E   ; Z flag
0428   CA 0C 00               JP   Z,ERROR   ; Must be set
042B   CB 63                  BIT   4,E   ; H flag
042D   CA 0C 00               JP   Z,ERROR   ; Must be set
0430   CB 53                  BIT   2,E   ; V flag
0432   C2 0C 00               JP   NZ,ERROR   
0435   CB 43                  BIT   0,E   ; C flag
0437   CA 0C 00               JP   Z,ERROR   ; Must stay set
043A                          ; --- Case 3: Overflow (0x7F -> 0x80) ---
043A   36 7F                  LD   (HL),0x7F   
043C   01 00 80               LD   BC,0x8000   ; B = expected result (80), C = flags to load (00)
043F   C5                     PUSH   BC   
0440   F1                     POP   AF   
0441   34                     INC   (HL)   
0442   F5                     PUSH   AF   
0443   D1                     POP   DE   ; E contains Flags
0444                          ; Verify memory result
0444   7E                     LD   A,(HL)   
0445   A8                     XOR   B   
0446   C2 0C 00               JP   NZ,ERROR   
0449                          ; Verify Flags: Z=0, S=1, H=1, V=1, N=0, C stays 0
0449   CB 7B                  BIT   7,E   ; S flag
044B   CA 0C 00               JP   Z,ERROR   
044E   CB 63                  BIT   4,E   ; H flag
0450   CA 0C 00               JP   Z,ERROR   
0453   CB 53                  BIT   2,E   ; V flag
0455   CA 0C 00               JP   Z,ERROR   
0458   CB 4B                  BIT   1,E   ; N flag
045A   C2 0C 00               JP   NZ,ERROR   
045D   C9                     RET   
045E                TEST_INC_BC:   
045E                          ; --- Case 1: Basic Increment and Flag Preservation ---
045E   01 00 00               LD   BC,0x0000   
0461                          ; Set a known flag state
0461   21 00 00               LD   HL,0x0000   
0464   E5                     PUSH   HL   
0465   F1                     POP   AF   
0466   03                     INC   BC   
0467                          ; Move flags to L
0467   F5                     PUSH   AF   
0468   E1                     POP   HL   
0469                          ; Verify Result
0469   3E 00                  LD   A,0x00   
046B   A8                     XOR   B   
046C   C2 0C 00               JP   NZ,ERROR   
046F   3E 01                  LD   A,0x01   
0471   A9                     XOR   C   
0472   C2 0C 00               JP   NZ,ERROR   
0475                          ; Verify Flags: Must be all cleared
0475   CB 75                  BIT   6,L   ; Z flag
0477   C2 0C 00               JP   NZ,ERROR   
047A   CB 7D                  BIT   7,L   ; S flag
047C   C2 0C 00               JP   NZ,ERROR   
047F   CB 65                  BIT   4,L   ; H flag
0481   C2 0C 00               JP   NZ,ERROR   
0484   CB 55                  BIT   2,L   ; V/P flag
0486   C2 0C 00               JP   NZ,ERROR   
0489   CB 4D                  BIT   1,L   ; N flag
048B   C2 0C 00               JP   NZ,ERROR   
048E   CB 45                  BIT   0,L   ; C flag
0490   C2 0C 00               JP   NZ,ERROR   
0493                          ; --- Case 2: Basic Increment and Flag Preservation ---
0493   01 34 12               LD   BC,0x1234   
0496                          ; Set a known flag state
0496   21 FF 00               LD   HL,0x00FF   
0499   E5                     PUSH   HL   
049A   F1                     POP   AF   
049B   03                     INC   BC   
049C                          ; Move flags to L
049C   F5                     PUSH   AF   
049D   E1                     POP   HL   
049E                          ; Verify Result
049E   3E 12                  LD   A,0x12   
04A0   A8                     XOR   B   
04A1   C2 0C 00               JP   NZ,ERROR   
04A4   3E 35                  LD   A,0x35   
04A6   A9                     XOR   C   
04A7   C2 0C 00               JP   NZ,ERROR   
04AA                          ; Verify Flags: Must be all set
04AA   CB 75                  BIT   6,L   ; Z flag
04AC   CA 0C 00               JP   Z,ERROR   
04AF   CB 7D                  BIT   7,L   ; S flag
04B1   CA 0C 00               JP   Z,ERROR   
04B4   CB 65                  BIT   4,L   ; H flag
04B6   CA 0C 00               JP   Z,ERROR   
04B9   CB 55                  BIT   2,L   ; V/P flag
04BB   CA 0C 00               JP   Z,ERROR   
04BE   CB 4D                  BIT   1,L   ; N flag
04C0   CA 0C 00               JP   Z,ERROR   
04C3   CB 45                  BIT   0,L   ; C flag
04C5   CA 0C 00               JP   Z,ERROR   
04C8                          ; --- Case 3: LSB overflow and Flag Preservation ---
04C8   01 FF 12               LD   BC,0x12FF   
04CB                          ; Set a known flag state
04CB   21 FF 00               LD   HL,0x00FF   
04CE   E5                     PUSH   HL   
04CF   F1                     POP   AF   
04D0   03                     INC   BC   
04D1                          ; Move flags to L
04D1   F5                     PUSH   AF   
04D2   E1                     POP   HL   
04D3                          ; Verify Result
04D3   3E 13                  LD   A,0x13   
04D5   A8                     XOR   B   
04D6   C2 0C 00               JP   NZ,ERROR   
04D9   3E 00                  LD   A,0x00   
04DB   A9                     XOR   C   
04DC   C2 0C 00               JP   NZ,ERROR   
04DF                          ; Verify Flags: Must be all set
04DF   CB 75                  BIT   6,L   ; Z flag
04E1   CA 0C 00               JP   Z,ERROR   
04E4   CB 7D                  BIT   7,L   ; S flag
04E6   CA 0C 00               JP   Z,ERROR   
04E9   CB 65                  BIT   4,L   ; H flag
04EB   CA 0C 00               JP   Z,ERROR   
04EE   CB 55                  BIT   2,L   ; V/P flag
04F0   CA 0C 00               JP   Z,ERROR   
04F3   CB 4D                  BIT   1,L   ; N flag
04F5   CA 0C 00               JP   Z,ERROR   
04F8   CB 45                  BIT   0,L   ; C flag
04FA   CA 0C 00               JP   Z,ERROR   
04FD                          ; --- Case 4: Sign overflow and Flag Preservation ---
04FD   01 FF 7F               LD   BC,0x7FFF   
0500                          ; Set a known flag state
0500   21 00 00               LD   HL,0x0000   
0503   E5                     PUSH   HL   
0504   F1                     POP   AF   
0505   03                     INC   BC   
0506                          ; Move flags to L
0506   F5                     PUSH   AF   
0507   E1                     POP   HL   
0508                          ; Verify Result
0508   3E 80                  LD   A,0x80   
050A   A8                     XOR   B   
050B   C2 0C 00               JP   NZ,ERROR   
050E   3E 00                  LD   A,0x00   
0510   A9                     XOR   C   
0511   C2 0C 00               JP   NZ,ERROR   
0514                          ; Verify Flags: Must be all cleared
0514   CB 75                  BIT   6,L   ; Z flag
0516   C2 0C 00               JP   NZ,ERROR   
0519   CB 7D                  BIT   7,L   ; S flag
051B   C2 0C 00               JP   NZ,ERROR   
051E   CB 65                  BIT   4,L   ; H flag
0520   C2 0C 00               JP   NZ,ERROR   
0523   CB 55                  BIT   2,L   ; V/P flag
0525   C2 0C 00               JP   NZ,ERROR   
0528   CB 4D                  BIT   1,L   ; N flag
052A   C2 0C 00               JP   NZ,ERROR   
052D   CB 45                  BIT   0,L   ; C flag
052F   C2 0C 00               JP   NZ,ERROR   
0532                          ; --- Case 5: Full overflow and Flag Preservation ---
0532   01 FF FF               LD   BC,0xFFFF   
0535                          ; Set a known flag state
0535   21 FF 00               LD   HL,0x00FF   
0538   E5                     PUSH   HL   
0539   F1                     POP   AF   
053A   03                     INC   BC   
053B                          ; Move flags to L
053B   F5                     PUSH   AF   
053C   E1                     POP   HL   
053D                          ; Verify Result
053D   3E 00                  LD   A,0x00   
053F   A8                     XOR   B   
0540   C2 0C 00               JP   NZ,ERROR   
0543   3E 00                  LD   A,0x00   
0545   A9                     XOR   C   
0546   C2 0C 00               JP   NZ,ERROR   
0549                          ; Verify Flags: Must be all set
0549   CB 75                  BIT   6,L   ; Z flag
054B   CA 0C 00               JP   Z,ERROR   
054E   CB 7D                  BIT   7,L   ; S flag
0550   CA 0C 00               JP   Z,ERROR   
0553   CB 65                  BIT   4,L   ; H flag
0555   CA 0C 00               JP   Z,ERROR   
0558   CB 55                  BIT   2,L   ; V/P flag
055A   CA 0C 00               JP   Z,ERROR   
055D   CB 4D                  BIT   1,L   ; N flag
055F   CA 0C 00               JP   Z,ERROR   
0562   CB 45                  BIT   0,L   ; C flag
0564   CA 0C 00               JP   Z,ERROR   
0567   C9                     RET   
0568                TEST_DEC_A:   
0568                          ; --- Case 1: Standard Decrement (0x01 -> 0x00) ---
0568                          ; Tests basic subtraction, the Zero flag, and the N flag.
0568   11 00 01               LD   DE,0x0100   ; D = Initial A value (0x01), E = Initial Flags (0x00)
056B   D5                     PUSH   DE   ; Push DE onto the stack
056C   F1                     POP   AF   ; Pop into AF. Now Accumulator (A) = 0x01, Flags (F) = 0x00
056D   3D                     DEC   A   ; Execute Opcode: A = A - 1. A becomes 0x00.
056E   F5                     PUSH   AF   ; Push the result and the newly generated flags to the stack
056F   D1                     POP   DE   ; Pop into DE. D = Result (0x00), E = New Flags
0570                          ; Verify Result
0570   FE 00                  CP   0x00   ; Compare Accumulator with 0x00 (Subtracts 0x00 from A, updates flags, discards result)
0572   C2 0C 00               JP   NZ,ERROR   ; If A was not 0x00, the Zero flag won't be set. Jump to ERROR.
0575                          ; Verify Flags stored in E:
0575   CB 7B                  BIT   7,E   ; Check S (Sign) flag. Expected: 0 (0x00 is not negative)
0577   C2 0C 00               JP   NZ,ERROR   ; Error if bit 7 was 1
057A   CB 73                  BIT   6,E   ; Check Z (Zero) flag. Expected: 1 (Result of DEC was zero)
057C   CA 0C 00               JP   Z,ERROR   ; Error if bit 6 was 0
057F   CB 63                  BIT   4,E   ; Check H (Half-Carry) flag. Expected: 0 (No borrow from bit 4 occurred: 0x1 -> 0x0)
0581   C2 0C 00               JP   NZ,ERROR   ; Error if bit 4 was 1
0584   CB 53                  BIT   2,E   ; Check P/V (Parity/Overflow) flag. Expected: 0 (No signed overflow occurred)
0586   C2 0C 00               JP   NZ,ERROR   ; Error if bit 2 was 1
0589   CB 4B                  BIT   1,E   ; Check N (Add/Subtract) flag. Expected: 1 (Always 1 for DEC operations)
058B   CA 0C 00               JP   Z,ERROR   ; Error if bit 1 was 0
058E   CB 43                  BIT   0,E   ; Check C (Carry) flag. Expected: 0 (DEC never affects the Carry flag, should remain 0)
0590   C2 0C 00               JP   NZ,ERROR   ; Error if bit 0 was 1
0593                          ; --- Case 2: Half-Carry and Wrap (0x00 -> 0xFF) ---
0593                          ; Tests underflow wrapping, the Half-Carry flag, and ensuring Carry is preserved.
0593   11 FF 00               LD   DE,0x00FF   ; D = Initial A (0x00), E = Initial Flags (0xFF, sets all flags including Carry)
0596   D5                     PUSH   DE   
0597   F1                     POP   AF   ; A = 0x00, Flags = 0xFF
0598   3D                     DEC   A   ; Execute Opcode: 0x00 - 1 = 0xFF.
0599   F5                     PUSH   AF   
059A   D1                     POP   DE   ; Save results. D = Result (0xFF), E = New Flags
059B                          ; Verify Result
059B   FE FF                  CP   0xFF   ; Compare A with 0xFF
059D   C2 0C 00               JP   NZ,ERROR   ; Error if A did not correctly wrap around to 0xFF
05A0                          ; Verify Flags stored in E:
05A0   CB 7B                  BIT   7,E   ; Check S (Sign) flag. Expected: 1 (0xFF has bit 7 set, treating it as negative)
05A2   CA 0C 00               JP   Z,ERROR   ; Error if bit 7 was 0
05A5   CB 73                  BIT   6,E   ; Check Z (Zero) flag. Expected: 0 (Result 0xFF is not zero)
05A7   C2 0C 00               JP   NZ,ERROR   ; Error if bit 6 was 1
05AA   CB 63                  BIT   4,E   ; Check H (Half-Carry) flag. Expected: 1 (Lower nibble 0x0 - 1 causes borrow from bit 4)
05AC   CA 0C 00               JP   Z,ERROR   ; Error if bit 4 was 0
05AF   CB 53                  BIT   2,E   ; Check P/V (Parity/Overflow) flag. Expected: 0 (Wrapping 0x00 to 0xFF is not a signed overflow)
05B1   C2 0C 00               JP   NZ,ERROR   ; Error if bit 2 was 1
05B4   CB 4B                  BIT   1,E   ; Check N (Add/Subtract) flag. Expected: 1 (Always 1 for DEC)
05B6   CA 0C 00               JP   Z,ERROR   ; Error if bit 1 was 0
05B9   CB 43                  BIT   0,E   ; Check C (Carry) flag. Expected: 1 (DEC does not affect Carry; should preserve initial 1)
05BB   CA 0C 00               JP   Z,ERROR   ; Error if bit 0 was 0
05BE                          ; --- Case 3: Overflow (0x80 -> 0x7F) ---
05BE                          ; Tests the specific edge case where a negative signed byte decrements into a positive one.
05BE   11 00 80               LD   DE,0x8000   ; D = Initial A (0x80 or -128), E = Initial Flags (0x00)
05C1   D5                     PUSH   DE   
05C2   F1                     POP   AF   ; A = 0x80, Flags = 0x00
05C3   3D                     DEC   A   ; Execute Opcode: 0x80 (-128) - 1 = 0x7F (+127). This is a signed overflow.
05C4   F5                     PUSH   AF   
05C5   D1                     POP   DE   ; Save results. D = Result (0x7F), E = New Flags
05C6                          ; Verify Result
05C6   FE 7F                  CP   0x7F   ; Compare A with 0x7F
05C8   C2 0C 00               JP   NZ,ERROR   ; Error if result is not 0x7F
05CB                          ; Verify Flags stored in E:
05CB   CB 7B                  BIT   7,E   ; Check S (Sign) flag. Expected: 0 (0x7F has bit 7 clear, it is positive)
05CD   C2 0C 00               JP   NZ,ERROR   ; Error if bit 7 was 1
05D0   CB 73                  BIT   6,E   ; Check Z (Zero) flag. Expected: 0 (Result is not zero)
05D2   C2 0C 00               JP   NZ,ERROR   ; Error if bit 6 was 1
05D5   CB 63                  BIT   4,E   ; Check H (Half-Carry) flag. Expected: 1 (Lower nibble 0x0 - 1 causes borrow)
05D7   CA 0C 00               JP   Z,ERROR   ; Error if bit 4 was 0
05DA   CB 53                  BIT   2,E   ; Check P/V (Parity/Overflow) flag. Expected: 1 (Sign changed from neg to pos: OVERFLOW!)
05DC   CA 0C 00               JP   Z,ERROR   ; Error if bit 2 was 0
05DF   CB 4B                  BIT   1,E   ; Check N (Add/Subtract) flag. Expected: 1 (Always 1 for DEC)
05E1   CA 0C 00               JP   Z,ERROR   ; Error if bit 1 was 0
05E4   CB 43                  BIT   0,E   ; Check C (Carry) flag. Expected: 0 (DEC does not affect Carry; preserves initial 0)
05E6   C2 0C 00               JP   NZ,ERROR   ; Error if bit 0 was 1
05E9   C9                     RET   
05EA                TEST_DEC_B:   
05EA                          ; --- Case 1: Standard Decrement (0x01 -> 0x00) ---
05EA   06 01                  LD   B,0x01   ; Initial value for B
05EC   11 00 00               LD   DE,0x0000   ; D = Initial A (don't care), E = Initial Flags (0x00)
05EF   D5                     PUSH   DE   
05F0   F1                     POP   AF   ; Flags = 0x00
05F1   05                     DEC   B   ; Execute Opcode: B = B - 1. B becomes 0x00.
05F2   F5                     PUSH   AF   ; Push the newly generated flags to the stack
05F3   D1                     POP   DE   ; Pop into DE. E = New Flags
05F4                          ; Verify Result
05F4   78                     LD   A,B   ; Move result into A for comparison
05F5   FE 00                  CP   0x00   ; Compare with 0x00
05F7   C2 0C 00               JP   NZ,ERROR   ; Error if result is not 0x00
05FA                          ; Verify Flags stored in E:
05FA   CB 7B                  BIT   7,E   ; S flag (Expected: 0)
05FC   C2 0C 00               JP   NZ,ERROR   
05FF   CB 73                  BIT   6,E   ; Z flag (Expected: 1)
0601   CA 0C 00               JP   Z,ERROR   
0604   CB 63                  BIT   4,E   ; H flag (Expected: 0)
0606   C2 0C 00               JP   NZ,ERROR   
0609   CB 53                  BIT   2,E   ; V/P flag (Expected: 0)
060B   C2 0C 00               JP   NZ,ERROR   
060E   CB 4B                  BIT   1,E   ; N flag (Expected: 1)
0610   CA 0C 00               JP   Z,ERROR   
0613   CB 43                  BIT   0,E   ; C flag (Expected: 0)
0615   C2 0C 00               JP   NZ,ERROR   
0618                          ; --- Case 2: Half-Carry and Wrap (0x00 -> 0xFF) ---
0618   06 00                  LD   B,0x00   ; Initial value for B
061A   11 FF 00               LD   DE,0x00FF   ; E = Initial Flags (0xFF, sets all flags including Carry)
061D   D5                     PUSH   DE   
061E   F1                     POP   AF   ; Flags = 0xFF
061F   05                     DEC   B   ; Execute Opcode: 0x00 - 1 = 0xFF.
0620   F5                     PUSH   AF   
0621   D1                     POP   DE   ; E = New Flags
0622                          ; Verify Result
0622   78                     LD   A,B   ; Move result into A for comparison
0623   FE FF                  CP   0xFF   ; Compare with 0xFF
0625   C2 0C 00               JP   NZ,ERROR   ; Error if B did not correctly wrap around to 0xFF
0628                          ; Verify Flags stored in E:
0628   CB 7B                  BIT   7,E   ; S flag (Expected: 1)
062A   CA 0C 00               JP   Z,ERROR   
062D   CB 73                  BIT   6,E   ; Z flag (Expected: 0)
062F   C2 0C 00               JP   NZ,ERROR   
0632   CB 63                  BIT   4,E   ; H flag (Expected: 1)
0634   CA 0C 00               JP   Z,ERROR   
0637   CB 53                  BIT   2,E   ; V/P flag (Expected: 0)
0639   C2 0C 00               JP   NZ,ERROR   
063C   CB 4B                  BIT   1,E   ; N flag (Expected: 1)
063E   CA 0C 00               JP   Z,ERROR   
0641   CB 43                  BIT   0,E   ; C flag (Expected: 1, preserves initial 1)
0643   CA 0C 00               JP   Z,ERROR   
0646                          ; --- Case 3: Overflow (0x80 -> 0x7F) ---
0646   06 80                  LD   B,0x80   ; Initial value for B (-128)
0648   11 00 00               LD   DE,0x0000   ; E = Initial Flags (0x00)
064B   D5                     PUSH   DE   
064C   F1                     POP   AF   ; Flags = 0x00
064D   05                     DEC   B   ; Execute Opcode: 0x80 (-128) - 1 = 0x7F (+127).
064E   F5                     PUSH   AF   
064F   D1                     POP   DE   ; E = New Flags
0650                          ; Verify Result
0650   78                     LD   A,B   ; Move result into A for comparison
0651   FE 7F                  CP   0x7F   ; Compare with 0x7F
0653   C2 0C 00               JP   NZ,ERROR   
0656                          ; Verify Flags stored in E:
0656   CB 7B                  BIT   7,E   ; S flag (Expected: 0)
0658   C2 0C 00               JP   NZ,ERROR   
065B   CB 73                  BIT   6,E   ; Z flag (Expected: 0)
065D   C2 0C 00               JP   NZ,ERROR   
0660   CB 63                  BIT   4,E   ; H flag (Expected: 1)
0662   CA 0C 00               JP   Z,ERROR   
0665   CB 53                  BIT   2,E   ; V/P flag (Expected: 1, OVERFLOW!)
0667   CA 0C 00               JP   Z,ERROR   
066A   CB 4B                  BIT   1,E   ; N flag (Expected: 1)
066C   CA 0C 00               JP   Z,ERROR   
066F   CB 43                  BIT   0,E   ; C flag (Expected: 0)
0671   C2 0C 00               JP   NZ,ERROR   
0674   C9                     RET   
0675                TEST_DEC_C:   
0675                          ; --- Case 1: Standard Decrement (0x01 -> 0x00) ---
0675   0E 01                  LD   C,0x01   
0677   11 00 00               LD   DE,0x0000   
067A   D5                     PUSH   DE   
067B   F1                     POP   AF   
067C   0D                     DEC   C   
067D   F5                     PUSH   AF   
067E   D1                     POP   DE   
067F   79                     LD   A,C   
0680   FE 00                  CP   0x00   
0682   C2 0C 00               JP   NZ,ERROR   
0685   CB 7B                  BIT   7,E   ; S flag (0)
0687   C2 0C 00               JP   NZ,ERROR   
068A   CB 73                  BIT   6,E   ; Z flag (1)
068C   CA 0C 00               JP   Z,ERROR   
068F   CB 63                  BIT   4,E   ; H flag (0)
0691   C2 0C 00               JP   NZ,ERROR   
0694   CB 53                  BIT   2,E   ; V/P flag (0)
0696   C2 0C 00               JP   NZ,ERROR   
0699   CB 4B                  BIT   1,E   ; N flag (1)
069B   CA 0C 00               JP   Z,ERROR   
069E   CB 43                  BIT   0,E   ; C flag (0)
06A0   C2 0C 00               JP   NZ,ERROR   
06A3                          ; --- Case 2: Half-Carry and Wrap (0x00 -> 0xFF) ---
06A3   0E 00                  LD   C,0x00   
06A5   11 FF 00               LD   DE,0x00FF   
06A8   D5                     PUSH   DE   
06A9   F1                     POP   AF   
06AA   0D                     DEC   C   
06AB   F5                     PUSH   AF   
06AC   D1                     POP   DE   
06AD   79                     LD   A,C   
06AE   FE FF                  CP   0xFF   
06B0   C2 0C 00               JP   NZ,ERROR   
06B3   CB 7B                  BIT   7,E   ; S flag (1)
06B5   CA 0C 00               JP   Z,ERROR   
06B8   CB 73                  BIT   6,E   ; Z flag (0)
06BA   C2 0C 00               JP   NZ,ERROR   
06BD   CB 63                  BIT   4,E   ; H flag (1)
06BF   CA 0C 00               JP   Z,ERROR   
06C2   CB 53                  BIT   2,E   ; V/P flag (0)
06C4   C2 0C 00               JP   NZ,ERROR   
06C7   CB 4B                  BIT   1,E   ; N flag (1)
06C9   CA 0C 00               JP   Z,ERROR   
06CC   CB 43                  BIT   0,E   ; C flag (1)
06CE   CA 0C 00               JP   Z,ERROR   
06D1                          ; --- Case 3: Overflow (0x80 -> 0x7F) ---
06D1   0E 80                  LD   C,0x80   
06D3   11 00 00               LD   DE,0x0000   
06D6   D5                     PUSH   DE   
06D7   F1                     POP   AF   
06D8   0D                     DEC   C   
06D9   F5                     PUSH   AF   
06DA   D1                     POP   DE   
06DB   79                     LD   A,C   
06DC   FE 7F                  CP   0x7F   
06DE   C2 0C 00               JP   NZ,ERROR   
06E1   CB 7B                  BIT   7,E   ; S flag (0)
06E3   C2 0C 00               JP   NZ,ERROR   
06E6   CB 73                  BIT   6,E   ; Z flag (0)
06E8   C2 0C 00               JP   NZ,ERROR   
06EB   CB 63                  BIT   4,E   ; H flag (1)
06ED   CA 0C 00               JP   Z,ERROR   
06F0   CB 53                  BIT   2,E   ; V/P flag (1)
06F2   CA 0C 00               JP   Z,ERROR   
06F5   CB 4B                  BIT   1,E   ; N flag (1)
06F7   CA 0C 00               JP   Z,ERROR   
06FA   CB 43                  BIT   0,E   ; C flag (0)
06FC   C2 0C 00               JP   NZ,ERROR   
06FF   C9                     RET   
0700                TEST_DEC_D:   
0700                          ; --- Case 1: Standard Decrement (0x01 -> 0x00) ---
0700   16 01                  LD   D,0x01   ; Initial value for D
0702   01 00 00               LD   BC,0x0000   ; B = Initial A (don't care), C = Initial Flags (0x00)
0705   C5                     PUSH   BC   
0706   F1                     POP   AF   ; Flags = 0x00
0707   15                     DEC   D   
0708   F5                     PUSH   AF   
0709   C1                     POP   BC   ; C = New Flags
070A   7A                     LD   A,D   
070B   FE 00                  CP   0x00   
070D   C2 0C 00               JP   NZ,ERROR   
0710                          ; Verify Flags stored in C:
0710   CB 79                  BIT   7,C   ; S flag (0)
0712   C2 0C 00               JP   NZ,ERROR   
0715   CB 71                  BIT   6,C   ; Z flag (1)
0717   CA 0C 00               JP   Z,ERROR   
071A   CB 61                  BIT   4,C   ; H flag (0)
071C   C2 0C 00               JP   NZ,ERROR   
071F   CB 51                  BIT   2,C   ; V/P flag (0)
0721   C2 0C 00               JP   NZ,ERROR   
0724   CB 49                  BIT   1,C   ; N flag (1)
0726   CA 0C 00               JP   Z,ERROR   
0729   CB 41                  BIT   0,C   ; C flag (0)
072B   C2 0C 00               JP   NZ,ERROR   
072E                          ; --- Case 2: Half-Carry and Wrap (0x00 -> 0xFF) ---
072E   16 00                  LD   D,0x00   
0730   01 FF 00               LD   BC,0x00FF   ; C = Initial Flags (0xFF)
0733   C5                     PUSH   BC   
0734   F1                     POP   AF   
0735   15                     DEC   D   
0736   F5                     PUSH   AF   
0737   C1                     POP   BC   
0738   7A                     LD   A,D   
0739   FE FF                  CP   0xFF   
073B   C2 0C 00               JP   NZ,ERROR   
073E   CB 79                  BIT   7,C   ; S flag (1)
0740   CA 0C 00               JP   Z,ERROR   
0743   CB 71                  BIT   6,C   ; Z flag (0)
0745   C2 0C 00               JP   NZ,ERROR   
0748   CB 61                  BIT   4,C   ; H flag (1)
074A   CA 0C 00               JP   Z,ERROR   
074D   CB 51                  BIT   2,C   ; V/P flag (0)
074F   C2 0C 00               JP   NZ,ERROR   
0752   CB 49                  BIT   1,C   ; N flag (1)
0754   CA 0C 00               JP   Z,ERROR   
0757   CB 41                  BIT   0,C   ; C flag (1)
0759   CA 0C 00               JP   Z,ERROR   
075C                          ; --- Case 3: Overflow (0x80 -> 0x7F) ---
075C   16 80                  LD   D,0x80   
075E   01 00 00               LD   BC,0x0000   
0761   C5                     PUSH   BC   
0762   F1                     POP   AF   
0763   15                     DEC   D   
0764   F5                     PUSH   AF   
0765   C1                     POP   BC   
0766   7A                     LD   A,D   
0767   FE 7F                  CP   0x7F   
0769   C2 0C 00               JP   NZ,ERROR   
076C   CB 79                  BIT   7,C   ; S flag (0)
076E   C2 0C 00               JP   NZ,ERROR   
0771   CB 71                  BIT   6,C   ; Z flag (0)
0773   C2 0C 00               JP   NZ,ERROR   
0776   CB 61                  BIT   4,C   ; H flag (1)
0778   CA 0C 00               JP   Z,ERROR   
077B   CB 51                  BIT   2,C   ; V/P flag (1)
077D   CA 0C 00               JP   Z,ERROR   
0780   CB 49                  BIT   1,C   ; N flag (1)
0782   CA 0C 00               JP   Z,ERROR   
0785   CB 41                  BIT   0,C   ; C flag (0)
0787   C2 0C 00               JP   NZ,ERROR   
078A   C9                     RET   
078B                TEST_DEC_E:   
078B                          ; --- Case 1: Standard Decrement (0x01 -> 0x00) ---
078B   1E 01                  LD   E,0x01   ; Initial value for E
078D   01 00 00               LD   BC,0x0000   ; C = Initial Flags (0x00)
0790   C5                     PUSH   BC   
0791   F1                     POP   AF   
0792   1D                     DEC   E   
0793   F5                     PUSH   AF   
0794   C1                     POP   BC   ; C = New Flags
0795   7B                     LD   A,E   
0796   FE 00                  CP   0x00   
0798   C2 0C 00               JP   NZ,ERROR   
079B   CB 79                  BIT   7,C   ; S flag (0)
079D   C2 0C 00               JP   NZ,ERROR   
07A0   CB 71                  BIT   6,C   ; Z flag (1)
07A2   CA 0C 00               JP   Z,ERROR   
07A5   CB 61                  BIT   4,C   ; H flag (0)
07A7   C2 0C 00               JP   NZ,ERROR   
07AA   CB 51                  BIT   2,C   ; V/P flag (0)
07AC   C2 0C 00               JP   NZ,ERROR   
07AF   CB 49                  BIT   1,C   ; N flag (1)
07B1   CA 0C 00               JP   Z,ERROR   
07B4   CB 41                  BIT   0,C   ; C flag (0)
07B6   C2 0C 00               JP   NZ,ERROR   
07B9                          ; --- Case 2: Half-Carry and Wrap (0x00 -> 0xFF) ---
07B9   1E 00                  LD   E,0x00   
07BB   01 FF 00               LD   BC,0x00FF   
07BE   C5                     PUSH   BC   
07BF   F1                     POP   AF   
07C0   1D                     DEC   E   
07C1   F5                     PUSH   AF   
07C2   C1                     POP   BC   
07C3   7B                     LD   A,E   
07C4   FE FF                  CP   0xFF   
07C6   C2 0C 00               JP   NZ,ERROR   
07C9   CB 79                  BIT   7,C   ; S flag (1)
07CB   CA 0C 00               JP   Z,ERROR   
07CE   CB 71                  BIT   6,C   ; Z flag (0)
07D0   C2 0C 00               JP   NZ,ERROR   
07D3   CB 61                  BIT   4,C   ; H flag (1)
07D5   CA 0C 00               JP   Z,ERROR   
07D8   CB 51                  BIT   2,C   ; V/P flag (0)
07DA   C2 0C 00               JP   NZ,ERROR   
07DD   CB 49                  BIT   1,C   ; N flag (1)
07DF   CA 0C 00               JP   Z,ERROR   
07E2   CB 41                  BIT   0,C   ; C flag (1)
07E4   CA 0C 00               JP   Z,ERROR   
07E7                          ; --- Case 3: Overflow (0x80 -> 0x7F) ---
07E7   1E 80                  LD   E,0x80   
07E9   01 00 00               LD   BC,0x0000   
07EC   C5                     PUSH   BC   
07ED   F1                     POP   AF   
07EE   1D                     DEC   E   
07EF   F5                     PUSH   AF   
07F0   C1                     POP   BC   
07F1   7B                     LD   A,E   
07F2   FE 7F                  CP   0x7F   
07F4   C2 0C 00               JP   NZ,ERROR   
07F7   CB 79                  BIT   7,C   ; S flag (0)
07F9   C2 0C 00               JP   NZ,ERROR   
07FC   CB 71                  BIT   6,C   ; Z flag (0)
07FE   C2 0C 00               JP   NZ,ERROR   
0801   CB 61                  BIT   4,C   ; H flag (1)
0803   CA 0C 00               JP   Z,ERROR   
0806   CB 51                  BIT   2,C   ; V/P flag (1)
0808   CA 0C 00               JP   Z,ERROR   
080B   CB 49                  BIT   1,C   ; N flag (1)
080D   CA 0C 00               JP   Z,ERROR   
0810   CB 41                  BIT   0,C   ; C flag (0)
0812   C2 0C 00               JP   NZ,ERROR   
0815   C9                     RET   
0816                TEST_DEC_H:   
0816                          ; --- Case 1: Standard Decrement (0x01 -> 0x00) ---
0816   26 01                  LD   H,0x01   ; Initial value for H
0818   11 00 00               LD   DE,0x0000   ; E = Initial Flags (0x00)
081B   D5                     PUSH   DE   
081C   F1                     POP   AF   
081D   25                     DEC   H   
081E   F5                     PUSH   AF   
081F   D1                     POP   DE   ; E = New Flags
0820   7C                     LD   A,H   
0821   FE 00                  CP   0x00   
0823   C2 0C 00               JP   NZ,ERROR   
0826   CB 7B                  BIT   7,E   ; S flag (0)
0828   C2 0C 00               JP   NZ,ERROR   
082B   CB 73                  BIT   6,E   ; Z flag (1)
082D   CA 0C 00               JP   Z,ERROR   
0830   CB 63                  BIT   4,E   ; H flag (0)
0832   C2 0C 00               JP   NZ,ERROR   
0835   CB 53                  BIT   2,E   ; V/P flag (0)
0837   C2 0C 00               JP   NZ,ERROR   
083A   CB 4B                  BIT   1,E   ; N flag (1)
083C   CA 0C 00               JP   Z,ERROR   
083F   CB 43                  BIT   0,E   ; C flag (0)
0841   C2 0C 00               JP   NZ,ERROR   
0844                          ; --- Case 2: Half-Carry and Wrap (0x00 -> 0xFF) ---
0844   26 00                  LD   H,0x00   
0846   11 FF 00               LD   DE,0x00FF   
0849   D5                     PUSH   DE   
084A   F1                     POP   AF   
084B   25                     DEC   H   
084C   F5                     PUSH   AF   
084D   D1                     POP   DE   
084E   7C                     LD   A,H   
084F   FE FF                  CP   0xFF   
0851   C2 0C 00               JP   NZ,ERROR   
0854   CB 7B                  BIT   7,E   ; S flag (1)
0856   CA 0C 00               JP   Z,ERROR   
0859   CB 73                  BIT   6,E   ; Z flag (0)
085B   C2 0C 00               JP   NZ,ERROR   
085E   CB 63                  BIT   4,E   ; H flag (1)
0860   CA 0C 00               JP   Z,ERROR   
0863   CB 53                  BIT   2,E   ; V/P flag (0)
0865   C2 0C 00               JP   NZ,ERROR   
0868   CB 4B                  BIT   1,E   ; N flag (1)
086A   CA 0C 00               JP   Z,ERROR   
086D   CB 43                  BIT   0,E   ; C flag (1)
086F   CA 0C 00               JP   Z,ERROR   
0872                          ; --- Case 3: Overflow (0x80 -> 0x7F) ---
0872   26 80                  LD   H,0x80   
0874   11 00 00               LD   DE,0x0000   
0877   D5                     PUSH   DE   
0878   F1                     POP   AF   
0879   25                     DEC   H   
087A   F5                     PUSH   AF   
087B   D1                     POP   DE   
087C   7C                     LD   A,H   
087D   FE 7F                  CP   0x7F   
087F   C2 0C 00               JP   NZ,ERROR   
0882   CB 7B                  BIT   7,E   ; S flag (0)
0884   C2 0C 00               JP   NZ,ERROR   
0887   CB 73                  BIT   6,E   ; Z flag (0)
0889   C2 0C 00               JP   NZ,ERROR   
088C   CB 63                  BIT   4,E   ; H flag (1)
088E   CA 0C 00               JP   Z,ERROR   
0891   CB 53                  BIT   2,E   ; V/P flag (1)
0893   CA 0C 00               JP   Z,ERROR   
0896   CB 4B                  BIT   1,E   ; N flag (1)
0898   CA 0C 00               JP   Z,ERROR   
089B   CB 43                  BIT   0,E   ; C flag (0)
089D   C2 0C 00               JP   NZ,ERROR   
08A0   C9                     RET   
08A1                TEST_DEC_L:   
08A1                          ; --- Case 1: Standard Decrement (0x01 -> 0x00) ---
08A1   2E 01                  LD   L,0x01   ; Initial value for L
08A3   11 00 00               LD   DE,0x0000   ; E = Initial Flags (0x00)
08A6   D5                     PUSH   DE   
08A7   F1                     POP   AF   
08A8   2D                     DEC   L   
08A9   F5                     PUSH   AF   
08AA   D1                     POP   DE   ; E = New Flags
08AB   7D                     LD   A,L   
08AC   FE 00                  CP   0x00   
08AE   C2 0C 00               JP   NZ,ERROR   
08B1   CB 7B                  BIT   7,E   ; S flag (0)
08B3   C2 0C 00               JP   NZ,ERROR   
08B6   CB 73                  BIT   6,E   ; Z flag (1)
08B8   CA 0C 00               JP   Z,ERROR   
08BB   CB 63                  BIT   4,E   ; H flag (0)
08BD   C2 0C 00               JP   NZ,ERROR   
08C0   CB 53                  BIT   2,E   ; V/P flag (0)
08C2   C2 0C 00               JP   NZ,ERROR   
08C5   CB 4B                  BIT   1,E   ; N flag (1)
08C7   CA 0C 00               JP   Z,ERROR   
08CA   CB 43                  BIT   0,E   ; C flag (0)
08CC   C2 0C 00               JP   NZ,ERROR   
08CF                          ; --- Case 2: Half-Carry and Wrap (0x00 -> 0xFF) ---
08CF   2E 00                  LD   L,0x00   
08D1   11 FF 00               LD   DE,0x00FF   
08D4   D5                     PUSH   DE   
08D5   F1                     POP   AF   
08D6   2D                     DEC   L   
08D7   F5                     PUSH   AF   
08D8   D1                     POP   DE   
08D9   7D                     LD   A,L   
08DA   FE FF                  CP   0xFF   
08DC   C2 0C 00               JP   NZ,ERROR   
08DF   CB 7B                  BIT   7,E   ; S flag (1)
08E1   CA 0C 00               JP   Z,ERROR   
08E4   CB 73                  BIT   6,E   ; Z flag (0)
08E6   C2 0C 00               JP   NZ,ERROR   
08E9   CB 63                  BIT   4,E   ; H flag (1)
08EB   CA 0C 00               JP   Z,ERROR   
08EE   CB 53                  BIT   2,E   ; V/P flag (0)
08F0   C2 0C 00               JP   NZ,ERROR   
08F3   CB 4B                  BIT   1,E   ; N flag (1)
08F5   CA 0C 00               JP   Z,ERROR   
08F8   CB 43                  BIT   0,E   ; C flag (1)
08FA   CA 0C 00               JP   Z,ERROR   
08FD                          ; --- Case 3: Overflow (0x80 -> 0x7F) ---
08FD   2E 80                  LD   L,0x80   
08FF   11 00 00               LD   DE,0x0000   
0902   D5                     PUSH   DE   
0903   F1                     POP   AF   
0904   2D                     DEC   L   
0905   F5                     PUSH   AF   
0906   D1                     POP   DE   
0907   7D                     LD   A,L   
0908   FE 7F                  CP   0x7F   
090A   C2 0C 00               JP   NZ,ERROR   
090D   CB 7B                  BIT   7,E   ; S flag (0)
090F   C2 0C 00               JP   NZ,ERROR   
0912   CB 73                  BIT   6,E   ; Z flag (0)
0914   C2 0C 00               JP   NZ,ERROR   
0917   CB 63                  BIT   4,E   ; H flag (1)
0919   CA 0C 00               JP   Z,ERROR   
091C   CB 53                  BIT   2,E   ; V/P flag (1)
091E   CA 0C 00               JP   Z,ERROR   
0921   CB 4B                  BIT   1,E   ; N flag (1)
0923   CA 0C 00               JP   Z,ERROR   
0926   CB 43                  BIT   0,E   ; C flag (0)
0928   C2 0C 00               JP   NZ,ERROR   
092B   C9                     RET   
092C                TEST_DEC_MEM_HL:   
092C   21 00 FF               LD   HL,TEST_RAM   ; Point HL to our writable memory location
092F                          ; --- Case 1: Standard Decrement (0x01 -> 0x00) ---
092F   36 01                  LD   (HL),0x01   ; Initial memory value
0931   11 00 00               LD   DE,0x0000   ; E = Initial Flags (0x00)
0934   D5                     PUSH   DE   
0935   F1                     POP   AF   ; Flags = 0x00
0936   35                     DEC   (HL)   ; Execute Opcode: (HL) = (HL) - 1. Memory becomes 0x00.
0937   F5                     PUSH   AF   ; Push the newly generated flags to the stack
0938   D1                     POP   DE   ; Pop into DE. E = New Flags
0939                          ; Verify Result
0939   7E                     LD   A,(HL)   ; Read the modified memory byte back into A
093A   FE 00                  CP   0x00   ; Compare with 0x00
093C   C2 0C 00               JP   NZ,ERROR   ; Error if result is not 0x00
093F                          ; Verify Flags stored in E:
093F   CB 7B                  BIT   7,E   ; S flag (Expected: 0)
0941   C2 0C 00               JP   NZ,ERROR   
0944   CB 73                  BIT   6,E   ; Z flag (Expected: 1)
0946   CA 0C 00               JP   Z,ERROR   
0949   CB 63                  BIT   4,E   ; H flag (Expected: 0)
094B   C2 0C 00               JP   NZ,ERROR   
094E   CB 53                  BIT   2,E   ; V/P flag (Expected: 0)
0950   C2 0C 00               JP   NZ,ERROR   
0953   CB 4B                  BIT   1,E   ; N flag (Expected: 1)
0955   CA 0C 00               JP   Z,ERROR   
0958   CB 43                  BIT   0,E   ; C flag (Expected: 0)
095A   C2 0C 00               JP   NZ,ERROR   
095D                          ; --- Case 2: Half-Carry and Wrap (0x00 -> 0xFF) ---
095D   36 00                  LD   (HL),0x00   ; Initial memory value
095F   11 FF 00               LD   DE,0x00FF   ; E = Initial Flags (0xFF)
0962   D5                     PUSH   DE   
0963   F1                     POP   AF   ; Flags = 0xFF
0964   35                     DEC   (HL)   ; Execute Opcode: 0x00 - 1 = 0xFF.
0965   F5                     PUSH   AF   
0966   D1                     POP   DE   ; E = New Flags
0967                          ; Verify Result
0967   7E                     LD   A,(HL)   
0968   FE FF                  CP   0xFF   
096A   C2 0C 00               JP   NZ,ERROR   
096D                          ; Verify Flags stored in E:
096D   CB 7B                  BIT   7,E   ; S flag (Expected: 1)
096F   CA 0C 00               JP   Z,ERROR   
0972   CB 73                  BIT   6,E   ; Z flag (Expected: 0)
0974   C2 0C 00               JP   NZ,ERROR   
0977   CB 63                  BIT   4,E   ; H flag (Expected: 1)
0979   CA 0C 00               JP   Z,ERROR   
097C   CB 53                  BIT   2,E   ; V/P flag (Expected: 0)
097E   C2 0C 00               JP   NZ,ERROR   
0981   CB 4B                  BIT   1,E   ; N flag (Expected: 1)
0983   CA 0C 00               JP   Z,ERROR   
0986   CB 43                  BIT   0,E   ; C flag (Expected: 1, preserves initial 1)
0988   CA 0C 00               JP   Z,ERROR   
098B                          ; --- Case 3: Overflow (0x80 -> 0x7F) ---
098B   36 80                  LD   (HL),0x80   ; Initial memory value
098D   11 00 00               LD   DE,0x0000   ; E = Initial Flags (0x00)
0990   D5                     PUSH   DE   
0991   F1                     POP   AF   ; Flags = 0x00
0992   35                     DEC   (HL)   ; Execute Opcode: 0x80 - 1 = 0x7F.
0993   F5                     PUSH   AF   
0994   D1                     POP   DE   ; E = New Flags
0995                          ; Verify Result
0995   7E                     LD   A,(HL)   
0996   FE 7F                  CP   0x7F   
0998   C2 0C 00               JP   NZ,ERROR   
099B                          ; Verify Flags stored in E:
099B   CB 7B                  BIT   7,E   ; S flag (Expected: 0)
099D   C2 0C 00               JP   NZ,ERROR   
09A0   CB 73                  BIT   6,E   ; Z flag (Expected: 0)
09A2   C2 0C 00               JP   NZ,ERROR   
09A5   CB 63                  BIT   4,E   ; H flag (Expected: 1)
09A7   CA 0C 00               JP   Z,ERROR   
09AA   CB 53                  BIT   2,E   ; V/P flag (Expected: 1, OVERFLOW!)
09AC   CA 0C 00               JP   Z,ERROR   
09AF   CB 4B                  BIT   1,E   ; N flag (Expected: 1)
09B1   CA 0C 00               JP   Z,ERROR   
09B4   CB 43                  BIT   0,E   ; C flag (Expected: 0)
09B6   C2 0C 00               JP   NZ,ERROR   
09B9   C9                     RET   
09BA                TEST_DEC_IX_D:   
09BA   DD 21 00 FF            LD   IX,TEST_RAM   ; Point IX to base RAM address
09BE                          ; --- Case 1: Standard Decrement (0x01 -> 0x00) ---
09BE                          ; Setup memory via absolute address to isolate the test to DEC (IX+d)
09BE   3E 01                  LD   A,0x01   
09C0   32 05 FF               LD   (IX_ABS_ADDR),A   ; Write 0x01 directly to 0x8005
09C3   11 00 00               LD   DE,0x0000   ; E = Initial Flags (0x00)
09C6   D5                     PUSH   DE   
09C7   F1                     POP   AF   
09C8   DD 35 05               DEC   (IX+0x05)   ; Target address should calculate to 0x8005
09CB   F5                     PUSH   AF   
09CC   D1                     POP   DE   ; E = New Flags
09CD                          ; Verify Result via absolute address
09CD   3A 05 FF               LD   A,(IX_ABS_ADDR)   ; Read back directly from 0x8005
09D0   FE 00                  CP   0x00   
09D2   C2 0C 00               JP   NZ,ERROR   
09D5   CB 7B                  BIT   7,E   ; S flag (0)
09D7   C2 0C 00               JP   NZ,ERROR   
09DA   CB 73                  BIT   6,E   ; Z flag (1)
09DC   CA 0C 00               JP   Z,ERROR   
09DF   CB 63                  BIT   4,E   ; H flag (0)
09E1   C2 0C 00               JP   NZ,ERROR   
09E4   CB 53                  BIT   2,E   ; V/P flag (0)
09E6   C2 0C 00               JP   NZ,ERROR   
09E9   CB 4B                  BIT   1,E   ; N flag (1)
09EB   CA 0C 00               JP   Z,ERROR   
09EE   CB 43                  BIT   0,E   ; C flag (0)
09F0   C2 0C 00               JP   NZ,ERROR   
09F3                          ; --- Case 2: Half-Carry and Wrap (0x00 -> 0xFF) ---
09F3   3E 00                  LD   A,0x00   
09F5   32 05 FF               LD   (IX_ABS_ADDR),A   
09F8   11 FF 00               LD   DE,0x00FF   
09FB   D5                     PUSH   DE   
09FC   F1                     POP   AF   
09FD   DD 35 05               DEC   (IX+0x05)   
0A00   F5                     PUSH   AF   
0A01   D1                     POP   DE   
0A02   3A 05 FF               LD   A,(IX_ABS_ADDR)   
0A05   FE FF                  CP   0xFF   
0A07   C2 0C 00               JP   NZ,ERROR   
0A0A   CB 7B                  BIT   7,E   ; S flag (1)
0A0C   CA 0C 00               JP   Z,ERROR   
0A0F   CB 73                  BIT   6,E   ; Z flag (0)
0A11   C2 0C 00               JP   NZ,ERROR   
0A14   CB 63                  BIT   4,E   ; H flag (1)
0A16   CA 0C 00               JP   Z,ERROR   
0A19   CB 53                  BIT   2,E   ; V/P flag (0)
0A1B   C2 0C 00               JP   NZ,ERROR   
0A1E   CB 4B                  BIT   1,E   ; N flag (1)
0A20   CA 0C 00               JP   Z,ERROR   
0A23   CB 43                  BIT   0,E   ; C flag (1)
0A25   CA 0C 00               JP   Z,ERROR   
0A28                          ; --- Case 3: Overflow (0x80 -> 0x7F) ---
0A28   3E 80                  LD   A,0x80   
0A2A   32 05 FF               LD   (IX_ABS_ADDR),A   
0A2D   11 00 00               LD   DE,0x0000   
0A30   D5                     PUSH   DE   
0A31   F1                     POP   AF   
0A32   DD 35 05               DEC   (IX+0x05)   
0A35   F5                     PUSH   AF   
0A36   D1                     POP   DE   
0A37   3A 05 FF               LD   A,(IX_ABS_ADDR)   
0A3A   FE 7F                  CP   0x7F   
0A3C   C2 0C 00               JP   NZ,ERROR   
0A3F   CB 7B                  BIT   7,E   ; S flag (0)
0A41   C2 0C 00               JP   NZ,ERROR   
0A44   CB 73                  BIT   6,E   ; Z flag (0)
0A46   C2 0C 00               JP   NZ,ERROR   
0A49   CB 63                  BIT   4,E   ; H flag (1)
0A4B   CA 0C 00               JP   Z,ERROR   
0A4E   CB 53                  BIT   2,E   ; V/P flag (1)
0A50   CA 0C 00               JP   Z,ERROR   
0A53   CB 4B                  BIT   1,E   ; N flag (1)
0A55   CA 0C 00               JP   Z,ERROR   
0A58   CB 43                  BIT   0,E   ; C flag (0)
0A5A   C2 0C 00               JP   NZ,ERROR   
0A5D   C9                     RET   
0A5E                TEST_DEC_IY_D:   
0A5E   FD 21 00 FF            LD   IY,TEST_RAM   ; Point IY to base RAM address (0x8000)
0A62                          ; --- Case 1: Standard Decrement (0x01 -> 0x00) ---
0A62   3E 01                  LD   A,0x01   
0A64   32 FB FE               LD   (IY_ABS_ADDR),A   ; Write 0x01 directly to 0x7FFB (0x8000 - 5)
0A67   11 00 00               LD   DE,0x0000   ; E = Initial Flags (0x00)
0A6A   D5                     PUSH   DE   
0A6B   F1                     POP   AF   
0A6C   FD 35 FB               DEC   (IY-5)   ; Target address should calculate to 0x7FFB
0A6F   F5                     PUSH   AF   
0A70   D1                     POP   DE   ; E = New Flags
0A71                          ; Verify Result via absolute address
0A71   3A FB FE               LD   A,(IY_ABS_ADDR)   ; Read back directly from 0x7FFB
0A74   FE 00                  CP   0x00   
0A76   C2 0C 00               JP   NZ,ERROR   
0A79   CB 7B                  BIT   7,E   ; S flag (0)
0A7B   C2 0C 00               JP   NZ,ERROR   
0A7E   CB 73                  BIT   6,E   ; Z flag (1)
0A80   CA 0C 00               JP   Z,ERROR   
0A83   CB 63                  BIT   4,E   ; H flag (0)
0A85   C2 0C 00               JP   NZ,ERROR   
0A88   CB 53                  BIT   2,E   ; V/P flag (0)
0A8A   C2 0C 00               JP   NZ,ERROR   
0A8D   CB 4B                  BIT   1,E   ; N flag (1)
0A8F   CA 0C 00               JP   Z,ERROR   
0A92   CB 43                  BIT   0,E   ; C flag (0)
0A94   C2 0C 00               JP   NZ,ERROR   
0A97                          ; --- Case 2: Half-Carry and Wrap (0x00 -> 0xFF) ---
0A97   3E 00                  LD   A,0x00   
0A99   32 FB FE               LD   (IY_ABS_ADDR),A   
0A9C   11 FF 00               LD   DE,0x00FF   
0A9F   D5                     PUSH   DE   
0AA0   F1                     POP   AF   
0AA1   FD 35 FB               DEC   (IY-5)   
0AA4   F5                     PUSH   AF   
0AA5   D1                     POP   DE   
0AA6   3A FB FE               LD   A,(IY_ABS_ADDR)   
0AA9   FE FF                  CP   0xFF   
0AAB   C2 0C 00               JP   NZ,ERROR   
0AAE   CB 7B                  BIT   7,E   ; S flag (1)
0AB0   CA 0C 00               JP   Z,ERROR   
0AB3   CB 73                  BIT   6,E   ; Z flag (0)
0AB5   C2 0C 00               JP   NZ,ERROR   
0AB8   CB 63                  BIT   4,E   ; H flag (1)
0ABA   CA 0C 00               JP   Z,ERROR   
0ABD   CB 53                  BIT   2,E   ; V/P flag (0)
0ABF   C2 0C 00               JP   NZ,ERROR   
0AC2   CB 4B                  BIT   1,E   ; N flag (1)
0AC4   CA 0C 00               JP   Z,ERROR   
0AC7   CB 43                  BIT   0,E   ; C flag (1)
0AC9   CA 0C 00               JP   Z,ERROR   
0ACC                          ; --- Case 3: Overflow (0x80 -> 0x7F) ---
0ACC   3E 80                  LD   A,0x80   
0ACE   32 FB FE               LD   (IY_ABS_ADDR),A   
0AD1   11 00 00               LD   DE,0x0000   
0AD4   D5                     PUSH   DE   
0AD5   F1                     POP   AF   
0AD6   FD 35 FB               DEC   (IY-5)   
0AD9   F5                     PUSH   AF   
0ADA   D1                     POP   DE   
0ADB   3A FB FE               LD   A,(IY_ABS_ADDR)   
0ADE   FE 7F                  CP   0x7F   
0AE0   C2 0C 00               JP   NZ,ERROR   
0AE3   CB 7B                  BIT   7,E   ; S flag (0)
0AE5   C2 0C 00               JP   NZ,ERROR   
0AE8   CB 73                  BIT   6,E   ; Z flag (0)
0AEA   C2 0C 00               JP   NZ,ERROR   
0AED   CB 63                  BIT   4,E   ; H flag (1)
0AEF   CA 0C 00               JP   Z,ERROR   
0AF2   CB 53                  BIT   2,E   ; V/P flag (1)
0AF4   CA 0C 00               JP   Z,ERROR   
0AF7   CB 4B                  BIT   1,E   ; N flag (1)
0AF9   CA 0C 00               JP   Z,ERROR   
0AFC   CB 43                  BIT   0,E   ; C flag (0)
0AFE   C2 0C 00               JP   NZ,ERROR   
0B01   C9                     RET   
0B02                TEST_DEC_SP:   
0B02                          ; Save real SP to restore later
0B02   21 00 00               LD   HL,0   
0B05   39                     ADD   HL,SP   
0B06   22 0A 00               LD   (TEMP_SP_SAVE),HL   
0B09                          ; --- Case 1: Flag Preservation and Wrap (0x0000 -> 0xFFFF) ---
0B09   31 00 00               LD   SP,0x0000   
0B0C   01 FF 00               LD   BC,0x00FF   ; B = Expected Low byte (FF - checked via SP), C = Flags (FF)
0B0F   C5                     PUSH   BC   
0B10   F1                     POP   AF   ; Load flags with 0xFF
0B11   3B                     DEC   SP   
0B12                          ; Verify Flags: Must still be 0xFF
0B12   F5                     PUSH   AF   
0B13   C1                     POP   BC   
0B14   79                     LD   A,C   
0B15   EE FF                  XOR   0xFF   
0B17   C2 0C 00               JP   NZ,ERROR   
0B1A                          ; Verify Result: SP should be 0xFFFF
0B1A   21 00 00               LD   HL,0   
0B1D   39                     ADD   HL,SP   ; HL now equals SP
0B1E   7C                     LD   A,H   
0B1F   EE FF                  XOR   0xFF   
0B21   C2 0C 00               JP   NZ,ERROR   
0B24   7D                     LD   A,L   
0B25   EE FF                  XOR   0xFF   
0B27   C2 0C 00               JP   NZ,ERROR   
0B2A                          ; Restore original SP
0B2A   2A 0A 00               LD   HL,(TEMP_SP_SAVE)   
0B2D   F9                     LD   SP,HL   
0B2E   C9                     RET